e:\study-main\ccode\theex\ex\ex\x64\debug\vc143.pdb
e:\study-main\ccode\theex\ex\ex\x64\debug\vc143.idb
e:\study-main\ccode\theex\ex\ex\x64\debug\ex16数位之和递归.obj
e:\study-main\ccode\theex\ex\ex\x64\debug\ex15字符串逆序.obj
e:\study-main\ccode\theex\ex\ex\x64\debug\ex14(猜数字).obj
e:\study-main\ccode\theex\ex\ex\x64\debug\ex13(演示多个字符从两端移动,向中间汇聚).obj
e:\study-main\ccode\theex\ex\ex\x64\debug\ex12.0(二分查找).obj
e:\study-main\ccode\theex\ex\ex\x64\debug\ex11(阶乘求和).obj
e:\study-main\ccode\theex\ex\ex\x64\debug\ex10(找出给定数组的最大元素).obj
e:\study-main\ccode\theex\ex\ex\x64\debug\ex09(最小公倍数最大公约数).obj
e:\study-main\ccode\theex\ex\ex\x64\debug\ex07(斐波那契数列).obj
e:\study-main\ccode\theex\ex\ex\x64\debug\ex06(打印菱形).obj
e:\study-main\ccode\theex\ex\ex\x64\debug\ex05(求a的n个连续和).obj
e:\study-main\ccode\theex\ex\ex\x64\debug\ex04(约分最简分式).obj
e:\study-main\ccode\theex\ex\ex\x64\debug\ex03(统计素数并且求和).obj
e:\study-main\ccode\theex\ex\ex\x64\debug\ex02(寻找全部a位数的水仙花数).obj
e:\study-main\ccode\theex\ex\ex\x64\debug\ex01(a向后四个数组成的三位数).obj
e:\study-main\ccode\theex\ex\ex\x64\debug\ex08(九九乘法表).obj
e:\study-main\ccode\theex\ex\ex\x64\debug\ex12.1(二分查找函数形式).obj
e:\study-main\ccode\theex\ex\ex\x64\debug\ex17n的k次方递归.obj
e:\study-main\ccode\theex\ex\ex\x64\debug\ex20分别打印整数二进制数中的偶数位和奇数位.obj
e:\study-main\ccode\theex\ex\ex\x64\debug\ex26 打印空格直角三角形.obj
e:\study-main\ccode\theex\ex\ex\x64\debug\ex31 两个数的最大公约数与最小公倍数的和.obj
e:\study-main\ccode\theex\ex\ex\x64\debug\ex29.2 判断两个字符串是否为相互左旋.obj
e:\study-main\ccode\theex\ex\ex\x64\debug\ex28 打印杨辉三角.obj
e:\study-main\ccode\theex\ex\ex\x64\debug\ex27.2 猜凶手.obj
e:\study-main\ccode\theex\ex\ex\x64\debug\ex27.1 比赛名次.obj
e:\study-main\ccode\theex\ex\ex\x64\debug\ex25 奇偶位数变换0或1.obj
e:\study-main\ccode\theex\ex\ex\x64\debug\ex24.1 冒泡排序.obj
e:\study-main\ccode\theex\ex\ex\x64\debug\ex24.2 冒泡排序 sqort重置版 .obj
e:\study-main\ccode\theex\ex\ex\x64\debug\ex23 有序列表合并.obj
e:\study-main\ccode\theex\ex\ex\x64\debug\ex22.1奇数偶数逆序 新建数组法.obj
e:\study-main\ccode\theex\ex\ex\x64\debug\ex22.2奇数偶数逆序 交换位置法.obj
e:\study-main\ccode\theex\ex\ex\x64\debug\ex21逆序字符串.obj
e:\study-main\ccode\theex\ex\ex\x64\debug\ex19统计二进制中1和0的个数.obj
e:\study-main\ccode\theex\ex\ex\x64\debug\ex18变种水仙花数.obj
e:\study-main\ccode\theex\ex\ex\x64\debug\ex30 寻找杨氏矩阵中的一个数.obj
e:\study-main\ccode\theex\ex\ex\x64\debug\ex36.荷兰国旗问题.obj
e:\study-main\ccode\theex\ex\ex\x64\debug\ex.ilk
e:\study-main\ccode\theex\ex\ex\x64\debug\33.九九乘法表.obj
e:\study-main\ccode\theex\ex\ex\x64\debug\bcd.obj
e:\study-main\ccode\theex\ex\ex\x64\debug\ex01.obj
e:\study-main\ccode\theex\ex\ex\x64\debug\ex02.obj
e:\study-main\ccode\theex\ex\ex\x64\debug\ex03.obj
e:\study-main\ccode\theex\ex\ex\x64\debug\ex04.obj
e:\study-main\ccode\theex\ex\ex\x64\debug\ex05.obj
e:\study-main\ccode\theex\ex\ex\x64\debug\ex06.obj
e:\study-main\ccode\theex\ex\ex\x64\debug\ex07.obj
e:\study-main\ccode\theex\ex\ex\x64\debug\ex09最小公倍数.obj
e:\study-main\ccode\theex\ex\ex\x64\debug\ex10.obj
e:\study-main\ccode\theex\ex\ex\x64\debug\ex11.obj
e:\study-main\ccode\theex\ex\ex\x64\debug\ex12.obj
e:\study-main\ccode\theex\ex\ex\x64\debug\ex13.obj
e:\study-main\ccode\theex\ex\ex\x64\debug\ex14.obj
e:\study-main\ccode\theex\ex\ex\x64\debug\ex15.obj
e:\study-main\ccode\theex\ex\ex\x64\debug\ex20求两个二进制数不同的位数的个数.obj
e:\study-main\ccode\theex\ex\ex\x64\debug\ex24 回调函数 冒泡排序.obj
e:\study-main\ccode\theex\ex\ex\x64\debug\ex27 比赛名次.obj
e:\study-main\ccode\theex\ex\ex\x64\debug\ex27变 猜凶手.obj
e:\study-main\ccode\theex\ex\ex\x64\debug\ex29 左旋字符串.obj
e:\study-main\ccode\theex\ex\ex\x64\debug\ex29.1  左旋字符串.obj
e:\study-main\ccode\theex\ex\ex\x64\debug\ex32 打印空心正方形.obj
e:\study-main\ccode\theex\ex\ex\x64\debug\ex33 汉诺塔问题.obj
e:\study-main\ccode\theex\ex\ex\x64\debug\ex34.小和排序问题.obj
e:\study-main\ccode\theex\ex\ex\x64\debug\ex35 逆序对问题.obj
e:\study-main\ccode\theex\ex\ex\x64\debug\奇数偶数逆序 交换位置法.obj
e:\study-main\ccode\theex\ex\ex\x64\debug\奇数偶数逆序 新建数组法.obj
e:\study-main\ccode\theex\ex\ex\x64\debug\奇数偶数逆序.obj
e:\study-main\ccode\theex\ex\ex\x64\debug\有序列表合并.obj
e:\study-main\ccode\theex\ex\ex\x64\debug\bcd.new.obj.enc
e:\study-main\ccode\theex\ex\ex\x64\debug\ex02.obj.enc
e:\study-main\ccode\theex\ex\ex\x64\debug\ex03.obj.enc
e:\study-main\ccode\theex\ex\ex\x64\debug\ex04.obj.enc
e:\study-main\ccode\theex\ex\ex\x64\debug\ex05.obj.enc
e:\study-main\ccode\theex\ex\ex\x64\debug\ex07.obj.enc
e:\study-main\ccode\theex\ex\x64\debug\ex.pdb
e:\study-main\ccode\theex\ex\x64\debug\ex.exe
e:\study-main\ccode\theex\ex\ex\x64\debug\ex.tlog\cl.command.1.tlog
e:\study-main\ccode\theex\ex\ex\x64\debug\ex.tlog\cl.items.tlog
e:\study-main\ccode\theex\ex\ex\x64\debug\ex.tlog\cl.read.1.tlog
e:\study-main\ccode\theex\ex\ex\x64\debug\ex.tlog\cl.write.1.tlog
e:\study-main\ccode\theex\ex\ex\x64\debug\ex.tlog\link.command.1.tlog
e:\study-main\ccode\theex\ex\ex\x64\debug\ex.tlog\link.read.1.tlog
e:\study-main\ccode\theex\ex\ex\x64\debug\ex.tlog\link.secondary.1.tlog
e:\study-main\ccode\theex\ex\ex\x64\debug\ex.tlog\link.write.1.tlog
